/home/runner/work/DevopsComplet/DevopsComplet/src/main/java/com/cytech/palaning/model/Student.java
/home/runner/work/DevopsComplet/DevopsComplet/src/main/java/com/cytech/palaning/controller/ManagerController.java
/home/runner/work/DevopsComplet/DevopsComplet/src/main/java/com/cytech/palaning/model/Manager.java
/home/runner/work/DevopsComplet/DevopsComplet/src/main/java/com/cytech/palaning/dao/DisponibilityRepository.java
/home/runner/work/DevopsComplet/DevopsComplet/src/main/java/com/cytech/palaning/model/school/Speciality.java
/home/runner/work/DevopsComplet/DevopsComplet/src/main/java/com/cytech/palaning/dao/TeacherRepository.java
/home/runner/work/DevopsComplet/DevopsComplet/src/main/java/com/cytech/palaning/dao/StudentRepository.java
/home/runner/work/DevopsComplet/DevopsComplet/src/main/java/com/cytech/palaning/controller/StudentController.java
/home/runner/work/DevopsComplet/DevopsComplet/src/main/java/com/cytech/palaning/model/school/Disponibility.java
/home/runner/work/DevopsComplet/DevopsComplet/src/main/java/com/cytech/palaning/Exception/StudentException.java
/home/runner/work/DevopsComplet/DevopsComplet/src/main/java/com/cytech/palaning/service/TeacherService.java
/home/runner/work/DevopsComplet/DevopsComplet/src/main/java/com/cytech/palaning/service/ManagerService.java
/home/runner/work/DevopsComplet/DevopsComplet/src/main/java/com/cytech/palaning/service/StudentService.java
/home/runner/work/DevopsComplet/DevopsComplet/src/main/java/com/cytech/palaning/dao/ManagerRepository.java
/home/runner/work/DevopsComplet/DevopsComplet/src/main/java/com/cytech/palaning/controller/TeacherController.java
/home/runner/work/DevopsComplet/DevopsComplet/src/main/java/com/cytech/palaning/model/User.java
/home/runner/work/DevopsComplet/DevopsComplet/src/main/java/com/cytech/palaning/CytechApplication.java
/home/runner/work/DevopsComplet/DevopsComplet/src/main/java/com/cytech/palaning/service/DispoService.java
/home/runner/work/DevopsComplet/DevopsComplet/src/main/java/com/cytech/palaning/model/Teacher.java
